// Jest Snapshot v1, https://goo.gl/fbAQLP

exports[`Image render should render image component with default props 1`] = `
<div>
  <div
    class="group css-dfpqc0"
  >
    <img
      alt="Logo"
      data-nimg="1"
      decoding="async"
      height="32"
      src="/images/logo.svg"
      srcset="/images/logo.svg 1x, /images/logo.svg 2x"
      style="color: transparent;"
      width="32"
    />
  </div>
</div>
`;
